
> inventario-frontend@1.0.0 build
> vite build

[36mvite v5.4.21 [32mbuilding for production...[36m[39m
transforming...
[32m✓[39m 56 modules transformed.
npm : [31mx[39m 
Build failed in 455ms
En línea: 1 Carácter: 1
+ npm run build > 
build_output.txt 2>&1 
; cat build_output.txt
+ ~~~~~~~~~~~~~~~~~~~~~
~~~~~~~~~~~~~~~~
    + CategoryInfo     
         : NotSpecifi  
  ed: ([31mx[39m B   
 uild failed in 455    
ms:String) [], Rem    
oteException
    + FullyQualifiedEr 
   rorId : NativeComm  
  andError
 
[31merror during 
build:
[31m[vite:esbuild] 
Transform failed with 
3 errors:
D:/PROYECTOPROGRAMACION
/ProyectoInventario/fro
ntend/src/pages/Servici
os.jsx:374:16: ERROR: 
Unexpected closing 
"div" tag does not 
match opening "form" 
tag
D:/PROYECTOPROGRAMACION
/ProyectoInventario/fro
ntend/src/pages/Servici
os.jsx:383:14: ERROR: 
Unexpected closing 
"form" tag does not 
match opening "div" tag
D:/PROYECTOPROGRAMACION
/ProyectoInventario/fro
ntend/src/pages/Servici
os.jsx:385:14: ERROR: 
Unterminated regular 
expression[31m
file: [36mD:/PROYECTOP
ROGRAMACION/ProyectoInv
entario/frontend/src/pa
ges/Servicios.jsx:374:1
6[31m
[33m
[33mUnexpected 
closing "div" tag does 
not match opening 
"form" tag[33m
372|                   
   </div>
373|                  
</div>
374|                
</div>
   |                  ^
375|                
<div className="modal-f
ooter">
376|                  
<button type="button" 
className="btn 
btn-secondary" 
onClick={closeModal}>

[33mUnexpected 
closing "form" tag 
does not match opening 
"div" tag[33m
381|                  
</button>
382|                
</div>
383|              
</form>
   |                ^
384|            </div>
385|          </div>

[33mUnterminated 
regular expression[33m
383|              
</form>
384|            </div>
385|          </div>
   |                ^
386|        )}
387|      </div>
[31m
    at 
failureErrorWithLog (D:
\PROYECTOPROGRAMACION\P
royectoInventario\front
end\node_modules\esbuil
d\lib\main.js:1472:15)
    at D:\PROYECTOPROGR
AMACION\ProyectoInventa
rio\frontend\node_modul
es\esbuild\lib\main.js:
755:50
    at responseCallback
s.<computed> (D:\PROYEC
TOPROGRAMACION\Proyecto
Inventario\frontend\nod
e_modules\esbuild\lib\m
ain.js:622:9)
    at 
handleIncomingPacket (D
:\PROYECTOPROGRAMACION\
ProyectoInventario\fron
tend\node_modules\esbui
ld\lib\main.js:677:12)
    at 
Socket.readFromStdout (
D:\PROYECTOPROGRAMACION
\ProyectoInventario\fro
ntend\node_modules\esbu
ild\lib\main.js:600:7)
    at Socket.emit 
(node:events:518:28)
    at addChunk (node:i
nternal/streams/readabl
e:561:12)
    at readableAddChunk
PushByteMode (node:inte
rnal/streams/readable:5
12:3)
    at Readable.push (n
ode:internal/streams/re
adable:392:5)
    at 
Pipe.onStreamRead (node
:internal/stream_base_c
ommons:191:23)[39m
